<html>
<body>
<pre>
<h1>µVision Build Log</h1>
<h2>Project:</h2>
E:\CoursrDesign\CtrlSysV7\CtrlSysV7.uvproj
Project File Date:  05/24/2012

<h2>Output:</h2>
Build target 'Target 1'
assembling ADuC702x.s...
compiling main.c...
head\temperature.h(15): error:  #77-D: this declaration has no storage class or type specifier
head\temperature.h(16): error:  #65: expected a ";"
compiling interface.c...
src\..\head\temperature.h(15): error:  #77-D: this declaration has no storage class or type specifier
src\..\head\temperature.h(16): error:  #65: expected a ";"
compiling io_ctrl.c...
compiling ocm12864.c...
compiling serial.c...
compiling temperature.c...
src\..\head\temperature.h(15): error:  #77-D: this declaration has no storage class or type specifier
src\..\head\temperature.h(16): error:  #65: expected a ";"
compiling time.c...
compiling int.c...
compiling key.c...
src\..\head\temperature.h(15): error:  #77-D: this declaration has no storage class or type specifier
src\..\head\temperature.h(16): error:  #65: expected a ";"
Target not created
Build target 'Target 1'
assembling ADuC702x.s...
compiling main.c...
compiling interface.c...
compiling io_ctrl.c...
compiling ocm12864.c...
compiling serial.c...
compiling temperature.c...
compiling time.c...
compiling int.c...
compiling key.c...
linking...
Program Size: Code=14064 RO-data=2632 RW-data=60 ZI-data=1764  
FromELF: creating hex file...
"CtrlSysV7.axf" - 0 Error(s), 0 Warning(s).
Build target 'Target 1'
assembling ADuC702x.s...
compiling main.c...
main.c(12): warning:  #1295-D: Deprecated declaration ControlTmp - give arg types
compiling interface.c...
compiling io_ctrl.c...
compiling ocm12864.c...
compiling serial.c...
compiling temperature.c...
compiling time.c...
compiling int.c...
compiling key.c...
src\key.c(61): warning:  #223-D: function "AckKey" declared implicitly
src\key.c(128): error:  #159: declaration is incompatible with previous "AckKey" (declared at line 61)
Target not created
Build target 'Target 1'
assembling ADuC702x.s...
compiling main.c...
main.c(12): warning:  #1295-D: Deprecated declaration ControlTmp - give arg types
compiling interface.c...
compiling io_ctrl.c...
compiling ocm12864.c...
compiling serial.c...
compiling temperature.c...
compiling time.c...
compiling int.c...
compiling key.c...
linking...
Program Size: Code=14268 RO-data=2632 RW-data=60 ZI-data=1764  
FromELF: creating hex file...
"CtrlSysV7.axf" - 0 Error(s), 1 Warning(s).
Build target 'Target 1'
assembling ADuC702x.s...
compiling main.c...
compiling interface.c...
compiling io_ctrl.c...
compiling ocm12864.c...
compiling serial.c...
compiling temperature.c...
compiling time.c...
compiling int.c...
compiling key.c...
linking...
Program Size: Code=14268 RO-data=2632 RW-data=60 ZI-data=1764  
FromELF: creating hex file...
"CtrlSysV7.axf" - 0 Error(s), 0 Warning(s).
Build target 'Target 1'
assembling ADuC702x.s...
compiling main.c...
compiling interface.c...
compiling io_ctrl.c...
compiling ocm12864.c...
compiling serial.c...
compiling temperature.c...
compiling time.c...
compiling int.c...
compiling key.c...
linking...
Program Size: Code=14248 RO-data=2632 RW-data=60 ZI-data=1764  
FromELF: creating hex file...
"CtrlSysV7.axf" - 0 Error(s), 0 Warning(s).
Build target 'Target 1'
assembling ADuC702x.s...
compiling main.c...
compiling interface.c...
compiling io_ctrl.c...
compiling ocm12864.c...
compiling serial.c...
compiling temperature.c...
compiling time.c...
compiling int.c...
compiling key.c...
linking...
Program Size: Code=14348 RO-data=2760 RW-data=60 ZI-data=1764  
FromELF: creating hex file...
"CtrlSysV7.axf" - 0 Error(s), 0 Warning(s).
Build target 'Target 1'
assembling ADuC702x.s...
compiling main.c...
compiling interface.c...
compiling io_ctrl.c...
compiling ocm12864.c...
compiling serial.c...
compiling temperature.c...
compiling time.c...
compiling int.c...
compiling key.c...
linking...
Program Size: Code=14360 RO-data=2760 RW-data=60 ZI-data=1764  
FromELF: creating hex file...
"CtrlSysV7.axf" - 0 Error(s), 0 Warning(s).
Build target 'Target 1'
assembling ADuC702x.s...
compiling main.c...
compiling interface.c...
compiling io_ctrl.c...
compiling ocm12864.c...
compiling serial.c...
compiling temperature.c...
compiling time.c...
compiling int.c...
compiling key.c...
linking...
Program Size: Code=14376 RO-data=2760 RW-data=60 ZI-data=1764  
FromELF: creating hex file...
"CtrlSysV7.axf" - 0 Error(s), 0 Warning(s).
Build target 'Target 1'
assembling ADuC702x.s...
compiling main.c...
compiling interface.c...
compiling io_ctrl.c...
compiling ocm12864.c...
compiling serial.c...
compiling temperature.c...
compiling time.c...
compiling int.c...
compiling key.c...
linking...
Program Size: Code=14376 RO-data=2760 RW-data=60 ZI-data=1764  
FromELF: creating hex file...
"CtrlSysV7.axf" - 0 Error(s), 0 Warning(s).
Build target 'Target 1'
assembling ADuC702x.s...
compiling main.c...
head\IR.h(19): warning:  #1-D: last line of file ends without a newline
compiling interface.c...
compiling io_ctrl.c...
compiling ocm12864.c...
compiling serial.c...
compiling temperature.c...
compiling time.c...
compiling int.c...
src\..\head\IR.h(19): warning:  #1-D: last line of file ends without a newline
compiling key.c...
compiling IR.c...
src\..\head\IR.h(19): warning:  #1-D: last line of file ends without a newline
src\IR.c(107): warning:  #223-D: function "Write" declared implicitly
src\IR.c(107): error:  #20: identifier "Key_code" is undefined
src\IR.c(108): warning:  #1-D: last line of file ends without a newline
src\IR.c(56): warning:  #177-D: variable "key_tmp" was declared but never referenced
Target not created
Build target 'Target 1'
assembling ADuC702x.s...
compiling main.c...
compiling interface.c...
compiling io_ctrl.c...
compiling ocm12864.c...
compiling serial.c...
compiling temperature.c...
compiling time.c...
compiling int.c...
compiling key.c...
compiling IR.c...
src\IR.c(108): error:  #20: identifier "Key_code" is undefined
src\IR.c(57): warning:  #177-D: variable "key_tmp" was declared but never referenced
Target not created
Build target 'Target 1'
assembling ADuC702x.s...
compiling main.c...
compiling interface.c...
compiling io_ctrl.c...
compiling ocm12864.c...
compiling serial.c...
compiling temperature.c...
compiling time.c...
compiling int.c...
compiling key.c...
compiling IR.c...
src\IR.c(107): warning:  #167-D: argument of type "unsigned char *" is incompatible with parameter of type "char *"
linking...
Program Size: Code=14992 RO-data=2760 RW-data=60 ZI-data=1764  
FromELF: creating hex file...
"CtrlSysV7.axf" - 0 Error(s), 1 Warning(s).
Build target 'Target 1'
assembling ADuC702x.s...
compiling main.c...
compiling interface.c...
compiling io_ctrl.c...
compiling ocm12864.c...
compiling serial.c...
compiling temperature.c...
compiling time.c...
compiling int.c...
compiling key.c...
compiling IR.c...
linking...
Program Size: Code=14992 RO-data=2760 RW-data=60 ZI-data=1764  
FromELF: creating hex file...
"CtrlSysV7.axf" - 0 Error(s), 0 Warning(s).
