ARM Linker, RVCT4.0 [Build 524] for uVision [Evaluation]

==============================================================================

Section Cross References

    aduc702x.o(STACK) refers (Special) to heapauxi.o(.text) for __use_two_region_memory
    aduc702x.o(HEAP) refers (Special) to heapauxi.o(.text) for __use_two_region_memory
    aduc702x.o(RESET) refers (Special) to heapauxi.o(.text) for __use_two_region_memory
    aduc702x.o(RESET) refers to main.o(.text) for Undef_Handler
    aduc702x.o(RESET) refers to int.o(.text) for IRQ_Handler
    aduc702x.o(RESET) refers to aduc702x.o(STACK) for Stack_Top
    aduc702x.o(RESET) refers to __main.o(!!!main) for __main
    aduc702x.o(.text) refers (Special) to heapauxi.o(.text) for __use_two_region_memory
    aduc702x.o(.text) refers to aduc702x.o(HEAP) for Heap_Mem
    aduc702x.o(.text) refers to aduc702x.o(STACK) for Stack_Mem
    main.o(.text) refers to temperature.o(.text) for SysClkInit
    main.o(.text) refers to serial.o(.text) for SerialInit
    main.o(.text) refers to io_ctrl.o(.text) for IOInit
    main.o(.text) refers to ocm12864.o(.text) for lcd_initial
    main.o(.text) refers to time.o(.text) for StartTime
    main.o(.text) refers to key.o(.text) for KeyInit
    main.o(.text) refers to ir.o(.text) for IRInit
    main.o(.text) refers to interface.o(.text) for Display
    main.o(.text) refers to faddsub_noclz.o(x$fpl$fadd) for __aeabi_fadd
    main.o(.text) refers to pid_ctrl.o(.text) for ControlTmp
    main.o(.text) refers to main.o(.data) for FIQ
    main.o(.text) refers to temperature.o(.data) for tmp
    main.o(.text) refers to time.o(.data) for stage
    interface.o(.text) refers to ocm12864.o(.text) for disp_chn
    interface.o(.text) refers to fleqf.o(x$fpl$fleqf) for __aeabi_cfcmple
    interface.o(.text) refers to temperature.o(.data) for tmp
    interface.o(.text) refers to time.o(.data) for set_tmp
    interface.o(.text) refers to key.o(.data) for flash
    interface.o(.text) refers to interface.o(.data) for flash_time
    ocm12864.o(.text) refers to ffix.o(x$fpl$ffix) for __aeabi_f2iz
    ocm12864.o(.text) refers to fmul.o(x$fpl$fmul) for __aeabi_fmul
    ocm12864.o(.text) refers to aeabi_sdiv.o(.text) for __aeabi_idivmod
    ocm12864.o(.text) refers to dfix.o(x$fpl$dfix) for __aeabi_d2iz
    ocm12864.o(.text) refers to dmul.o(x$fpl$dmul) for __aeabi_dmul
    ocm12864.o(.text) refers to ocm12864.o(.constdata) for adj_page
    serial.o(.text) refers to strlen.o(.text) for strlen
    temperature.o(.text) refers to aeabi_sdiv.o(.text) for __aeabi_idivmod
    temperature.o(.text) refers to dflt_noclz.o(x$fpl$dfltu) for __aeabi_ui2d
    temperature.o(.text) refers to dmul.o(x$fpl$dmul) for __aeabi_dmul
    temperature.o(.text) refers to daddsub_noclz.o(x$fpl$dadd) for __aeabi_dadd
    temperature.o(.text) refers to d2f.o(x$fpl$d2f) for __aeabi_d2f
    temperature.o(.text) refers to temperature.o(.data) for tmp
    time.o(.text) refers to ocm12864.o(.text) for disp_chn
    time.o(.text) refers to time.o(.data) for stage
    int.o(.text) refers to time.o(.text) for CountTime
    int.o(.text) refers to key.o(.text) for CheckKey
    int.o(.text) refers to ir.o(.text) for CheckIR
    int.o(.text) refers to temperature.o(.text) for DelayMs
    key.o(.text) refers to temperature.o(.text) for DelayMs
    key.o(.text) refers to time.o(.data) for remain_sec
    key.o(.text) refers to key.o(.data) for flash
    ir.o(.text) refers to temperature.o(.text) for DelayUs
    ir.o(.text) refers to io_ctrl.o(.text) for BeepOff
    ir.o(.text) refers to aeabi_sdiv.o(.text) for __aeabi_idivmod
    ir.o(.text) refers to interface.o(.text) for Display
    ir.o(.text) refers to key.o(.text) for AddKey
    ir.o(.text) refers to ir.o(.data) for key_id
    ir.o(.text) refers to key.o(.data) for flash
    ir.o(.text) refers to time.o(.data) for set_tmp
    pid_ctrl.o(.text) refers to fflt_noclz.o(x$fpl$fflt) for __aeabi_i2f
    pid_ctrl.o(.text) refers to faddsub_noclz.o(x$fpl$fsub) for __aeabi_fsub
    pid_ctrl.o(.text) refers to ffix.o(x$fpl$ffix) for __aeabi_f2iz
    pid_ctrl.o(.text) refers to fmul.o(x$fpl$fmul) for __aeabi_fmul
    pid_ctrl.o(.text) refers to faddsub_noclz.o(x$fpl$fadd) for __aeabi_fadd
    pid_ctrl.o(.text) refers to fleqf.o(x$fpl$fleqf) for __aeabi_cfcmple
    pid_ctrl.o(.text) refers to io_ctrl.o(.text) for BeepOn
    pid_ctrl.o(.text) refers to temperature.o(.text) for DelayUs
    pid_ctrl.o(.text) refers to time.o(.data) for set_tmp
    pid_ctrl.o(.text) refers to temperature.o(.data) for tmp
    pid_ctrl.o(.text) refers to pid_ctrl.o(.data) for .data
    aeabi_sdiv.o(.text_udiv) refers to aeabi_sdiv.o(.text) for __arm_div4
    aeabi_sdiv_div0.o(.text_udiv) refers to aeabi_sdiv_div0.o(.text) for __arm_div4
    __main.o(!!!main) refers to rtentry.o(.ARM.Collect$$rtentry$$00000000) for __rt_entry
    d2f.o(x$fpl$d2f) refers (Special) to usenofp.o(x$fpl$usenofp) for __I$use$fp
    d2f.o(x$fpl$d2f) refers (Special) to funder.o(x$fpl$funder) for __funder
    d2f.o(x$fpl$d2f) refers to dcheck1.o(x$fpl$dcheck1) for __fpl_dcheck_NaN1
    daddsub_noclz.o(x$fpl$dadd) refers (Special) to usenofp.o(x$fpl$usenofp) for __I$use$fp
    daddsub_noclz.o(x$fpl$dadd) refers (Special) to dunder.o(x$fpl$dunder) for __dunder
    daddsub_noclz.o(x$fpl$dadd) refers to daddsub_noclz.o(x$fpl$dsub) for _dsub1
    daddsub_noclz.o(x$fpl$dadd) refers to dcheck.o(x$fpl$dcheck) for __fpl_dcheck_NaN2
    daddsub_noclz.o(x$fpl$drsb) refers (Special) to usenofp.o(x$fpl$usenofp) for __I$use$fp
    daddsub_noclz.o(x$fpl$drsb) refers (Special) to dunder.o(x$fpl$dunder) for __dunder
    daddsub_noclz.o(x$fpl$drsb) refers to daddsub_noclz.o(x$fpl$dadd) for _dadd1
    daddsub_noclz.o(x$fpl$drsb) refers to daddsub_noclz.o(x$fpl$dsub) for _dsub1
    daddsub_noclz.o(x$fpl$dsub) refers (Special) to usenofp.o(x$fpl$usenofp) for __I$use$fp
    daddsub_noclz.o(x$fpl$dsub) refers (Special) to dunder.o(x$fpl$dunder) for __dunder
    daddsub_noclz.o(x$fpl$dsub) refers to daddsub_noclz.o(x$fpl$dadd) for _dadd1
    daddsub_noclz.o(x$fpl$dsub) refers to dcheck.o(x$fpl$dcheck) for __fpl_dcheck_NaN2
    dfix.o(x$fpl$dfix) refers (Special) to usenofp.o(x$fpl$usenofp) for __I$use$fp
    dfix.o(x$fpl$dfix) refers to dcheck1.o(x$fpl$dcheck1) for __fpl_dcheck_NaN1
    dfix.o(x$fpl$dfixr) refers (Special) to usenofp.o(x$fpl$usenofp) for __I$use$fp
    dfix.o(x$fpl$dfixr) refers to dcheck1.o(x$fpl$dcheck1) for __fpl_dcheck_NaN1
    dflt_noclz.o(x$fpl$dfltu) refers (Special) to usenofp.o(x$fpl$usenofp) for __I$use$fp
    dflt_noclz.o(x$fpl$dfltu) refers to dflt_noclz.o(x$fpl$dflt) for __dflt_normalise
    dflt_noclz.o(x$fpl$dflt) refers (Special) to usenofp.o(x$fpl$usenofp) for __I$use$fp
    dmul.o(x$fpl$dmul) refers (Special) to usenofp.o(x$fpl$usenofp) for __I$use$fp
    dmul.o(x$fpl$dmul) refers (Special) to dunder.o(x$fpl$dunder) for __dunder
    dmul.o(x$fpl$dmul) refers to dcheck.o(x$fpl$dcheck) for __fpl_dcheck_NaN2
    faddsub_noclz.o(x$fpl$fadd) refers (Special) to usenofp.o(x$fpl$usenofp) for __I$use$fp
    faddsub_noclz.o(x$fpl$fadd) refers (Special) to funder.o(x$fpl$funder) for __funder
    faddsub_noclz.o(x$fpl$fadd) refers to faddsub_noclz.o(x$fpl$fsub) for _fsub1
    faddsub_noclz.o(x$fpl$fadd) refers to fcheck.o(x$fpl$fcheck) for __fpl_fcheck_NaN2
    faddsub_noclz.o(x$fpl$frsb) refers (Special) to usenofp.o(x$fpl$usenofp) for __I$use$fp
    faddsub_noclz.o(x$fpl$frsb) refers (Special) to funder.o(x$fpl$funder) for __funder
    faddsub_noclz.o(x$fpl$frsb) refers to faddsub_noclz.o(x$fpl$fadd) for _fadd1
    faddsub_noclz.o(x$fpl$frsb) refers to faddsub_noclz.o(x$fpl$fsub) for _fsub1
    faddsub_noclz.o(x$fpl$fsub) refers (Special) to usenofp.o(x$fpl$usenofp) for __I$use$fp
    faddsub_noclz.o(x$fpl$fsub) refers (Special) to funder.o(x$fpl$funder) for __funder
    faddsub_noclz.o(x$fpl$fsub) refers to faddsub_noclz.o(x$fpl$fadd) for _fadd1
    faddsub_noclz.o(x$fpl$fsub) refers to fcheck.o(x$fpl$fcheck) for __fpl_fcheck_NaN2
    ffix.o(x$fpl$ffix) refers (Special) to usenofp.o(x$fpl$usenofp) for __I$use$fp
    ffix.o(x$fpl$ffix) refers to fcheck1.o(x$fpl$fcheck1) for __fpl_fcheck_NaN1
    ffix.o(x$fpl$ffixr) refers (Special) to usenofp.o(x$fpl$usenofp) for __I$use$fp
    ffix.o(x$fpl$ffixr) refers to fcheck1.o(x$fpl$fcheck1) for __fpl_fcheck_NaN1
    fflt_noclz.o(x$fpl$ffltu) refers (Special) to usenofp.o(x$fpl$usenofp) for __I$use$fp
    fflt_noclz.o(x$fpl$ffltu) refers to fflt_noclz.o(x$fpl$fflt) for __fflt_normalise
    fflt_noclz.o(x$fpl$fflt) refers (Special) to usenofp.o(x$fpl$usenofp) for __I$use$fp
    fleqf.o(x$fpl$fleqf) refers (Special) to usenofp.o(x$fpl$usenofp) for __I$use$fp
    fleqf.o(x$fpl$fleqf) refers to fcmpin.o(x$fpl$dcmpinfnan) for __fpl_fcmp_InfNaN
    fmul.o(x$fpl$fmul) refers (Special) to usenofp.o(x$fpl$usenofp) for __I$use$fp
    fmul.o(x$fpl$fmul) refers (Special) to fnorm2_noclz.o(x$fpl$fnorm2) for __fpl_normalise2
    fmul.o(x$fpl$fmul) refers (Special) to funder.o(x$fpl$funder) for __funder
    fmul.o(x$fpl$fmul) refers to fcheck.o(x$fpl$fcheck) for __fpl_fcheck_NaN2
    rtentry.o(.ARM.Collect$$rtentry$$00000000) refers (Special) to rtentry2.o(.ARM.Collect$$rtentry$$0000000A) for __rt_entry_li
    rtentry.o(.ARM.Collect$$rtentry$$00000000) refers (Special) to rtentry2.o(.ARM.Collect$$rtentry$$0000000D) for __rt_entry_main
    rtentry.o(.ARM.Collect$$rtentry$$00000000) refers (Special) to rtentry2.o(.ARM.Collect$$rtentry$$0000000C) for __rt_entry_postli_1
    rtentry.o(.ARM.Collect$$rtentry$$00000000) refers (Special) to rtentry2.o(.ARM.Collect$$rtentry$$00000009) for __rt_entry_postsh_1
    rtentry.o(.ARM.Collect$$rtentry$$00000000) refers (Special) to rtentry2.o(.ARM.Collect$$rtentry$$00000002) for __rt_entry_presh_1
    rtentry.o(.ARM.Collect$$rtentry$$00000000) refers (Special) to rtentry4.o(.ARM.Collect$$rtentry$$00000004) for __rt_entry_sh
    rtentry.o(.ARM.exidx) refers (Special) to rtentry2.o(.ARM.Collect$$rtentry$$0000000A) for __rt_entry_li
    rtentry.o(.ARM.exidx) refers (Special) to rtentry2.o(.ARM.Collect$$rtentry$$0000000D) for __rt_entry_main
    rtentry.o(.ARM.exidx) refers (Special) to rtentry2.o(.ARM.Collect$$rtentry$$0000000C) for __rt_entry_postli_1
    rtentry.o(.ARM.exidx) refers (Special) to rtentry2.o(.ARM.Collect$$rtentry$$00000009) for __rt_entry_postsh_1
    rtentry.o(.ARM.exidx) refers (Special) to rtentry2.o(.ARM.Collect$$rtentry$$00000002) for __rt_entry_presh_1
    rtentry.o(.ARM.exidx) refers (Special) to rtentry4.o(.ARM.Collect$$rtentry$$00000004) for __rt_entry_sh
    rtentry.o(.ARM.exidx) refers to rtentry.o(.ARM.Collect$$rtentry$$00000000) for .ARM.Collect$$rtentry$$00000000
    aeabi_idiv0_sigfpe.o(.text) refers to rt_div0.o(.text) for __rt_div0
    dcheck.o(x$fpl$dcheck) refers (Special) to usenofp.o(x$fpl$usenofp) for __I$use$fp
    dcheck.o(x$fpl$dcheck) refers to retnan.o(x$fpl$retnan) for __fpl_return_NaN
    dcheck1.o(x$fpl$dcheck1) refers (Special) to usenofp.o(x$fpl$usenofp) for __I$use$fp
    dcheck1.o(x$fpl$dcheck1) refers to retnan.o(x$fpl$retnan) for __fpl_return_NaN
    dunder.o(x$fpl$dunder) refers (Special) to usenofp.o(x$fpl$usenofp) for __I$use$fp
    fcheck.o(x$fpl$fcheck) refers (Special) to usenofp.o(x$fpl$usenofp) for __I$use$fp
    fcheck.o(x$fpl$fcheck) refers to retnan.o(x$fpl$retnan) for __fpl_return_NaN
    fcheck1.o(x$fpl$fcheck1) refers (Special) to usenofp.o(x$fpl$usenofp) for __I$use$fp
    fcheck1.o(x$fpl$fcheck1) refers to retnan.o(x$fpl$retnan) for __fpl_return_NaN
    fcmpin.o(x$fpl$dcmpinfnan) refers (Special) to usenofp.o(x$fpl$usenofp) for __I$use$fp
    fcmpin.o(x$fpl$dcmpinfnan) refers to fcheck.o(x$fpl$fcheck) for __fpl_fcheck_NaN2
    fcmpin.o(x$fpl$dcmpinfnan) refers to trapv.o(x$fpl$trapveneer) for __fpl_cmpreturn
    fnorm2_noclz.o(x$fpl$fnorm2) refers (Special) to usenofp.o(x$fpl$usenofp) for __I$use$fp
    funder.o(x$fpl$funder) refers (Special) to usenofp.o(x$fpl$usenofp) for __I$use$fp
    rtentry2.o(.ARM.Collect$$rtentry$$00000008) refers to boardinit2.o(.text) for _platform_post_stackheap_init
    rtentry2.o(.ARM.Collect$$rtentry$$0000000A) refers to libinit.o(.ARM.Collect$$libinit$$00000000) for __rt_lib_init
    rtentry2.o(.ARM.Collect$$rtentry$$0000000B) refers to boardinit3.o(.text) for _platform_post_lib_init
    rtentry2.o(.ARM.Collect$$rtentry$$0000000D) refers to exit.o(.text) for exit
    rtentry2.o(.ARM.Collect$$rtentry$$0000000D) refers to main.o(.text) for main
    rtentry2.o(.ARM.exidx) refers to rtentry2.o(.ARM.Collect$$rtentry$$00000001) for .ARM.Collect$$rtentry$$00000001
    rtentry2.o(.ARM.exidx) refers to rtentry2.o(.ARM.Collect$$rtentry$$00000002) for .ARM.Collect$$rtentry$$00000002
    rtentry2.o(.ARM.exidx) refers to rtentry2.o(.ARM.Collect$$rtentry$$00000008) for .ARM.Collect$$rtentry$$00000008
    rtentry2.o(.ARM.exidx) refers to rtentry2.o(.ARM.Collect$$rtentry$$00000009) for .ARM.Collect$$rtentry$$00000009
    rtentry2.o(.ARM.exidx) refers to rtentry2.o(.ARM.Collect$$rtentry$$0000000A) for .ARM.Collect$$rtentry$$0000000A
    rtentry2.o(.ARM.exidx) refers to rtentry2.o(.ARM.Collect$$rtentry$$0000000B) for .ARM.Collect$$rtentry$$0000000B
    rtentry2.o(.ARM.exidx) refers to rtentry2.o(.ARM.Collect$$rtentry$$0000000C) for .ARM.Collect$$rtentry$$0000000C
    rtentry2.o(.ARM.exidx) refers to rtentry2.o(.ARM.Collect$$rtentry$$0000000D) for .ARM.Collect$$rtentry$$0000000D
    rtentry4.o(.ARM.Collect$$rtentry$$00000004) refers to sys_stackheap_outer.o(.text) for __user_setup_stackheap
    rtentry4.o(.ARM.exidx) refers to rtentry4.o(.ARM.Collect$$rtentry$$00000004) for .ARM.Collect$$rtentry$$00000004
    rt_div0.o(.text) refers to defsig_fpe_outer.o(.text) for __rt_SIGFPE
    retnan.o(x$fpl$retnan) refers (Special) to usenofp.o(x$fpl$usenofp) for __I$use$fp
    retnan.o(x$fpl$retnan) refers to trapv.o(x$fpl$trapveneer) for __fpl_cmpreturn
    trapv.o(x$fpl$trapveneer) refers (Special) to usenofp.o(x$fpl$usenofp) for __I$use$fp
    sys_stackheap_outer.o(.text) refers to libspace.o(.text) for __user_perproc_libspace
    sys_stackheap_outer.o(.text) refers to aduc702x.o(.text) for __user_initial_stackheap
    exit.o(.text) refers to rtexit.o(.ARM.Collect$$rtexit$$00000000) for __rt_exit
    defsig_fpe_outer.o(.text) refers to defsig_fpe_inner.o(.text) for __rt_SIGFPE_inner
    defsig_fpe_outer.o(.text) refers to defsig_exit.o(.text) for __sig_exit
    defsig_fpe_formal.o(.text) refers to rt_raise.o(.text) for __rt_raise
    libinit.o(.ARM.Collect$$libinit$$00000000) refers (Special) to libinit2.o(.ARM.Collect$$libinit$$0000002A) for __rt_lib_init_alloca_1
    libinit.o(.ARM.Collect$$libinit$$00000000) refers (Special) to libinit2.o(.ARM.Collect$$libinit$$00000028) for __rt_lib_init_argv_1
    libinit.o(.ARM.Collect$$libinit$$00000000) refers (Special) to libinit2.o(.ARM.Collect$$libinit$$00000017) for __rt_lib_init_atexit_1
    libinit.o(.ARM.Collect$$libinit$$00000000) refers (Special) to libinit2.o(.ARM.Collect$$libinit$$0000001D) for __rt_lib_init_clock_1
    libinit.o(.ARM.Collect$$libinit$$00000000) refers (Special) to libinit2.o(.ARM.Collect$$libinit$$0000002E) for __rt_lib_init_cpp_1
    libinit.o(.ARM.Collect$$libinit$$00000000) refers (Special) to libinit2.o(.ARM.Collect$$libinit$$0000002C) for __rt_lib_init_exceptions_1
    libinit.o(.ARM.Collect$$libinit$$00000000) refers (Special) to libinit2.o(.ARM.Collect$$libinit$$0000001B) for __rt_lib_init_fp_trap_1
    libinit.o(.ARM.Collect$$libinit$$00000000) refers (Special) to libinit2.o(.ARM.Collect$$libinit$$0000001F) for __rt_lib_init_getenv_1
    libinit.o(.ARM.Collect$$libinit$$00000000) refers (Special) to libinit2.o(.ARM.Collect$$libinit$$00000006) for __rt_lib_init_heap_1
    libinit.o(.ARM.Collect$$libinit$$00000000) refers (Special) to libinit2.o(.ARM.Collect$$libinit$$0000000D) for __rt_lib_init_lc_collate_1
    libinit.o(.ARM.Collect$$libinit$$00000000) refers (Special) to libinit2.o(.ARM.Collect$$libinit$$0000000F) for __rt_lib_init_lc_ctype_1
    libinit.o(.ARM.Collect$$libinit$$00000000) refers (Special) to libinit2.o(.ARM.Collect$$libinit$$00000011) for __rt_lib_init_lc_monetary_1
    libinit.o(.ARM.Collect$$libinit$$00000000) refers (Special) to libinit2.o(.ARM.Collect$$libinit$$00000013) for __rt_lib_init_lc_numeric_1
    libinit.o(.ARM.Collect$$libinit$$00000000) refers (Special) to libinit2.o(.ARM.Collect$$libinit$$00000015) for __rt_lib_init_lc_time_1
    libinit.o(.ARM.Collect$$libinit$$00000000) refers (Special) to libinit2.o(.ARM.Collect$$libinit$$0000000A) for __rt_lib_init_rand_1
    libinit.o(.ARM.Collect$$libinit$$00000000) refers (Special) to libinit2.o(.ARM.Collect$$libinit$$0000002F) for __rt_lib_init_return
    libinit.o(.ARM.Collect$$libinit$$00000000) refers (Special) to libinit2.o(.ARM.Collect$$libinit$$00000019) for __rt_lib_init_signal_1
    libinit.o(.ARM.Collect$$libinit$$00000000) refers (Special) to libinit2.o(.ARM.Collect$$libinit$$00000021) for __rt_lib_init_stdio_1
    libinit.o(.ARM.Collect$$libinit$$00000000) refers (Special) to libinit2.o(.ARM.Collect$$libinit$$00000008) for __rt_lib_init_user_alloc_1
    libinit.o(.ARM.Collect$$libinit$$00000000) refers to fpinit.o(x$fpl$fpinit) for _fp_init
    libspace.o(.text) refers to libspace.o(.bss) for __libspace_start
    rtexit.o(.ARM.Collect$$rtexit$$00000000) refers (Special) to rtexit2.o(.ARM.Collect$$rtexit$$00000004) for __rt_exit_exit
    rtexit.o(.ARM.Collect$$rtexit$$00000000) refers (Special) to rtexit2.o(.ARM.Collect$$rtexit$$00000003) for __rt_exit_ls
    rtexit.o(.ARM.Collect$$rtexit$$00000000) refers (Special) to rtexit2.o(.ARM.Collect$$rtexit$$00000002) for __rt_exit_prels_1
    rtexit.o(.ARM.exidx) refers (Special) to rtexit2.o(.ARM.Collect$$rtexit$$00000004) for __rt_exit_exit
    rtexit.o(.ARM.exidx) refers (Special) to rtexit2.o(.ARM.Collect$$rtexit$$00000003) for __rt_exit_ls
    rtexit.o(.ARM.exidx) refers (Special) to rtexit2.o(.ARM.Collect$$rtexit$$00000002) for __rt_exit_prels_1
    rtexit.o(.ARM.exidx) refers to rtexit.o(.ARM.Collect$$rtexit$$00000000) for .ARM.Collect$$rtexit$$00000000
    rt_raise.o(.text) refers to __raise.o(.text) for __raise
    rt_raise.o(.text) refers to sys_exit.o(.text) for _sys_exit
    defsig_exit.o(.text) refers to sys_exit.o(.text) for _sys_exit
    defsig_fpe_inner.o(.text) refers to defsig_general.o(.text) for __default_signal_display
    libinit2.o(.ARM.Collect$$libinit$$0000000C) refers to libinit2.o(.ARM.Collect$$libinit$$0000000B) for .ARM.Collect$$libinit$$0000000B
    libinit2.o(.ARM.Collect$$libinit$$0000000E) refers to libinit2.o(.ARM.Collect$$libinit$$0000000B) for .ARM.Collect$$libinit$$0000000B
    libinit2.o(.ARM.Collect$$libinit$$00000010) refers to libinit2.o(.ARM.Collect$$libinit$$0000000B) for .ARM.Collect$$libinit$$0000000B
    libinit2.o(.ARM.Collect$$libinit$$00000012) refers to libinit2.o(.ARM.Collect$$libinit$$0000000B) for .ARM.Collect$$libinit$$0000000B
    libinit2.o(.ARM.Collect$$libinit$$00000014) refers to libinit2.o(.ARM.Collect$$libinit$$0000000B) for .ARM.Collect$$libinit$$0000000B
    libinit2.o(.ARM.Collect$$libinit$$00000022) refers to argv_veneer.o(.emb_text) for __ARM_argv_veneer
    libinit2.o(.ARM.Collect$$libinit$$00000023) refers to argv_veneer.o(.emb_text) for __ARM_argv_veneer
    sys_exit.o(.text) refers to use_no_semi.o(.text) for __I$use$semihosting
    rtexit2.o(.ARM.Collect$$rtexit$$00000003) refers to libshutdown.o(.ARM.Collect$$libshutdown$$00000000) for __rt_lib_shutdown
    rtexit2.o(.ARM.Collect$$rtexit$$00000004) refers to sys_exit.o(.text) for _sys_exit
    rtexit2.o(.ARM.exidx) refers to rtexit2.o(.ARM.Collect$$rtexit$$00000001) for .ARM.Collect$$rtexit$$00000001
    rtexit2.o(.ARM.exidx) refers to rtexit2.o(.ARM.Collect$$rtexit$$00000002) for .ARM.Collect$$rtexit$$00000002
    rtexit2.o(.ARM.exidx) refers to rtexit2.o(.ARM.Collect$$rtexit$$00000003) for .ARM.Collect$$rtexit$$00000003
    rtexit2.o(.ARM.exidx) refers to rtexit2.o(.ARM.Collect$$rtexit$$00000004) for .ARM.Collect$$rtexit$$00000004
    __raise.o(.text) refers to defsig.o(CL$$defsig) for __default_signal_handler
    __raise.o(.text) refers to __raise.o(i.__ARM_common_call_via_r2) for __ARM_common_call_via_r2
    defsig_general.o(.text) refers to sys_wrch.o(.text) for _ttywrch
    argv_veneer.o(.emb_text) refers to no_argv.o(.text) for __ARM_get_argv
    sys_wrch.o(.text) refers (Special) to use_no_semi.o(.text) for __I$use$semihosting
    defsig.o(CL$$defsig) refers to defsig_fpe_inner.o(.text) for __rt_SIGFPE_inner
    defsig.o(CL$$defsig) refers to defsig_rtmem_inner.o(.text) for __rt_SIGRTMEM_inner
    _get_argv_nomalloc.o(.text) refers (Special) to hrguard.o(.text) for __heap_region$guard
    _get_argv_nomalloc.o(.text) refers to defsig_rtmem_outer.o(.text) for __rt_SIGRTMEM
    _get_argv_nomalloc.o(.text) refers to sys_command.o(.text) for _sys_command_string
    libshutdown.o(.ARM.Collect$$libshutdown$$00000000) refers (Special) to libshutdown2.o(.ARM.Collect$$libshutdown$$00000006) for __rt_lib_shutdown_fp_trap_1
    libshutdown.o(.ARM.Collect$$libshutdown$$00000000) refers (Special) to libshutdown2.o(.ARM.Collect$$libshutdown$$0000000E) for __rt_lib_shutdown_heap_1
    libshutdown.o(.ARM.Collect$$libshutdown$$00000000) refers (Special) to libshutdown2.o(.ARM.Collect$$libshutdown$$0000000F) for __rt_lib_shutdown_return
    libshutdown.o(.ARM.Collect$$libshutdown$$00000000) refers (Special) to libshutdown2.o(.ARM.Collect$$libshutdown$$00000009) for __rt_lib_shutdown_signal_1
    libshutdown.o(.ARM.Collect$$libshutdown$$00000000) refers (Special) to libshutdown2.o(.ARM.Collect$$libshutdown$$00000003) for __rt_lib_shutdown_stdio_1
    libshutdown.o(.ARM.Collect$$libshutdown$$00000000) refers (Special) to libshutdown2.o(.ARM.Collect$$libshutdown$$0000000B) for __rt_lib_shutdown_user_alloc_1
    sys_command.o(.text) refers (Special) to use_no_semi.o(.text) for __I$use$semihosting
    defsig_abrt_inner.o(.text) refers to defsig_general.o(.text) for __default_signal_display
    defsig_rtred_inner.o(.text) refers to defsig_general.o(.text) for __default_signal_display
    defsig_rtmem_inner.o(.text) refers to defsig_general.o(.text) for __default_signal_display
    defsig_rtmem_outer.o(.text) refers to defsig_rtmem_inner.o(.text) for __rt_SIGRTMEM_inner
    defsig_rtmem_outer.o(.text) refers to defsig_exit.o(.text) for __sig_exit
    defsig_rtmem_formal.o(.text) refers to rt_raise.o(.text) for __rt_raise
    defsig_stak_inner.o(.text) refers to defsig_general.o(.text) for __default_signal_display
    defsig_pvfn_inner.o(.text) refers to defsig_general.o(.text) for __default_signal_display
    defsig_cppl_inner.o(.text) refers to defsig_general.o(.text) for __default_signal_display
    defsig_segv_inner.o(.text) refers to defsig_general.o(.text) for __default_signal_display
    defsig_other.o(.text) refers to defsig_general.o(.text) for __default_signal_display


==============================================================================

Adding Veneers to the image

    Adding AT veneer (8 bytes, Inline) for call to '__rt_lib_init' from rtentry2.o(.ARM.Collect$$rtentry$$0000000A).
    Adding AT veneer (8 bytes, Inline) for call to '__rt_lib_shutdown' from rtexit2.o(.ARM.Collect$$rtexit$$00000003).
    Adding TA veneer (4 bytes, Inline) for call to '__rt_exit' from exit.o(.text).
    Adding AT veneer (8 bytes, Inline) for call to 'strlen' from serial.o(.text).
    Adding TA veneer (4 bytes, Inline) for call to '_fp_init' from libinit.o(.ARM.Collect$$libinit$$00000000).

5 Veneer(s) (total 32 bytes) added to the image.

==============================================================================

Image Symbol Table

    Local Symbols

    Symbol Name                              Value     Ov Type        Size  Object(Section)

    ../../angel/boardlib.s                   0x00000000   Number         0  boardinit1.o ABSOLUTE
    ../../angel/boardlib.s                   0x00000000   Number         0  boardshut.o ABSOLUTE
    ../../angel/boardlib.s                   0x00000000   Number         0  boardinit3.o ABSOLUTE
    ../../angel/boardlib.s                   0x00000000   Number         0  boardinit2.o ABSOLUTE
    ../../angel/handlers.s                   0x00000000   Number         0  __scatter_copy.o ABSOLUTE
    ../../angel/handlers.s                   0x00000000   Number         0  __scatter_zi.o ABSOLUTE
    ../../angel/kernel.s                     0x00000000   Number         0  rtexit.o ABSOLUTE
    ../../angel/kernel.s                     0x00000000   Number         0  rtentry.o ABSOLUTE
    ../../angel/kernel.s                     0x00000000   Number         0  rtentry4.o ABSOLUTE
    ../../angel/kernel.s                     0x00000000   Number         0  rtexit2.o ABSOLUTE
    ../../angel/kernel.s                     0x00000000   Number         0  rtentry2.o ABSOLUTE
    ../../angel/rt.s                         0x00000000   Number         0  aeabi_idiv0.o ABSOLUTE
    ../../angel/rt.s                         0x00000000   Number         0  aeabi_idiv0_sigfpe.o ABSOLUTE
    ../../angel/rt.s                         0x00000000   Number         0  rt_raise.o ABSOLUTE
    ../../angel/rt.s                         0x00000000   Number         0  rt_div0.o ABSOLUTE
    ../../angel/scatter.s                    0x00000000   Number         0  __scatter.o ABSOLUTE
    ../../angel/startup.s                    0x00000000   Number         0  __main.o ABSOLUTE
    ../../angel/sys.s                        0x00000000   Number         0  libspace.o ABSOLUTE
    ../../angel/sys.s                        0x00000000   Number         0  sys_exit.o ABSOLUTE
    ../../angel/sys.s                        0x00000000   Number         0  sys_stackheap_outer.o ABSOLUTE
    ../../angel/sys.s                        0x00000000   Number         0  use_no_semi.o ABSOLUTE
    ../../angel/sysapp.c                     0x00000000   Number         0  sys_command.o ABSOLUTE
    ../../angel/sysapp.c                     0x00000000   Number         0  sys_wrch.o ABSOLUTE
    ../../armsys.c                           0x00000000   Number         0  no_argv.o ABSOLUTE
    ../../armsys.c                           0x00000000   Number         0  _get_argv_nomalloc.o ABSOLUTE
    ../../armsys.c                           0x00000000   Number         0  argv_veneer.o ABSOLUTE
    ../../armsys.c                           0x00000000   Number         0  argv_veneer.o ABSOLUTE
    ../../d2f.s                              0x00000000   Number         0  d2f.o ABSOLUTE
    ../../daddsub.s                          0x00000000   Number         0  daddsub_noclz.o ABSOLUTE
    ../../dcheck.s                           0x00000000   Number         0  dcheck.o ABSOLUTE
    ../../dcheck1.s                          0x00000000   Number         0  dcheck1.o ABSOLUTE
    ../../dfix.s                             0x00000000   Number         0  dfix.o ABSOLUTE
    ../../dflt.s                             0x00000000   Number         0  dflt_noclz.o ABSOLUTE
    ../../division.s                         0x00000000   Number         0  aeabi_sdiv_div0.o ABSOLUTE
    ../../division.s                         0x00000000   Number         0  aeabi_sdiv.o ABSOLUTE
    ../../divrt.s                            0x00000000   Number         0  divrt_7tdmi_div0.o ABSOLUTE
    ../../divrt.s                            0x00000000   Number         0  divrt_7tdmi.o ABSOLUTE
    ../../dmul.s                             0x00000000   Number         0  dmul.o ABSOLUTE
    ../../dunder.s                           0x00000000   Number         0  dunder.o ABSOLUTE
    ../../faddsub.s                          0x00000000   Number         0  faddsub_noclz.o ABSOLUTE
    ../../fcheck.s                           0x00000000   Number         0  fcheck.o ABSOLUTE
    ../../fcheck1.s                          0x00000000   Number         0  fcheck1.o ABSOLUTE
    ../../fcmpin.s                           0x00000000   Number         0  fcmpin.o ABSOLUTE
    ../../ffix.s                             0x00000000   Number         0  ffix.o ABSOLUTE
    ../../fflt.s                             0x00000000   Number         0  fflt_noclz.o ABSOLUTE
    ../../fleqf.s                            0x00000000   Number         0  fleqf.o ABSOLUTE
    ../../fmul.s                             0x00000000   Number         0  fmul.o ABSOLUTE
    ../../fnorm2.s                           0x00000000   Number         0  fnorm2_noclz.o ABSOLUTE
    ../../fpinit.s                           0x00000000   Number         0  fpinit.o ABSOLUTE
    ../../funder.s                           0x00000000   Number         0  funder.o ABSOLUTE
    ../../heapalloc.c                        0x00000000   Number         0  hrguard.o ABSOLUTE
    ../../heapaux.c                          0x00000000   Number         0  heapauxi.o ABSOLUTE
    ../../libinit.s                          0x00000000   Number         0  libshutdown2.o ABSOLUTE
    ../../libinit.s                          0x00000000   Number         0  libinit.o ABSOLUTE
    ../../libinit.s                          0x00000000   Number         0  libinit2.o ABSOLUTE
    ../../libinit.s                          0x00000000   Number         0  libshutdown.o ABSOLUTE
    ../../retnan.s                           0x00000000   Number         0  retnan.o ABSOLUTE
    ../../signal.c                           0x00000000   Number         0  defsig_cppl_inner.o ABSOLUTE
    ../../signal.c                           0x00000000   Number         0  defsig_other.o ABSOLUTE
    ../../signal.c                           0x00000000   Number         0  defsig_general.o ABSOLUTE
    ../../signal.c                           0x00000000   Number         0  defsig_fpe_outer.o ABSOLUTE
    ../../signal.c                           0x00000000   Number         0  defsig_fpe_formal.o ABSOLUTE
    ../../signal.c                           0x00000000   Number         0  defsig_abrt_inner.o ABSOLUTE
    ../../signal.c                           0x00000000   Number         0  defsig_fpe_inner.o ABSOLUTE
    ../../signal.c                           0x00000000   Number         0  __raise.o ABSOLUTE
    ../../signal.c                           0x00000000   Number         0  defsig_rtred_inner.o ABSOLUTE
    ../../signal.c                           0x00000000   Number         0  defsig_rtmem_inner.o ABSOLUTE
    ../../signal.c                           0x00000000   Number         0  defsig_rtmem_outer.o ABSOLUTE
    ../../signal.c                           0x00000000   Number         0  defsig_rtmem_formal.o ABSOLUTE
    ../../signal.c                           0x00000000   Number         0  defsig_segv_inner.o ABSOLUTE
    ../../signal.c                           0x00000000   Number         0  defsig_stak_inner.o ABSOLUTE
    ../../signal.c                           0x00000000   Number         0  defsig_pvfn_inner.o ABSOLUTE
    ../../signal.c                           0x00000000   Number         0  defsig_exit.o ABSOLUTE
    ../../signal.s                           0x00000000   Number         0  defsig.o ABSOLUTE
    ../../stdlib.c                           0x00000000   Number         0  exit.o ABSOLUTE
    ../../string.c                           0x00000000   Number         0  strlen.o ABSOLUTE
    ../../trapv.s                            0x00000000   Number         0  trapv.o ABSOLUTE
    ../../usenofp.s                          0x00000000   Number         0  usenofp.o ABSOLUTE
    ADuC702x.s                               0x00000000   Number         0  aduc702x.o ABSOLUTE
    dc.s                                     0x00000000   Number         0  dc.o ABSOLUTE
    main.c                                   0x00000000   Number         0  main.o ABSOLUTE
    src\IR.c                                 0x00000000   Number         0  ir.o ABSOLUTE
    src\int.c                                0x00000000   Number         0  int.o ABSOLUTE
    src\interface.c                          0x00000000   Number         0  interface.o ABSOLUTE
    src\io_ctrl.c                            0x00000000   Number         0  io_ctrl.o ABSOLUTE
    src\key.c                                0x00000000   Number         0  key.o ABSOLUTE
    src\ocm12864.c                           0x00000000   Number         0  ocm12864.o ABSOLUTE
    src\pid_ctrl.c                           0x00000000   Number         0  pid_ctrl.o ABSOLUTE
    src\serial.c                             0x00000000   Number         0  serial.o ABSOLUTE
    src\temperature.c                        0x00000000   Number         0  temperature.o ABSOLUTE
    src\time.c                               0x00000000   Number         0  time.o ABSOLUTE
    .data                                    0x00010000   Section       24  main.o(.data)
    .data                                    0x00010018   Section        4  interface.o(.data)
    .data                                    0x0001001c   Section       12  temperature.o(.data)
    .data                                    0x00010028   Section       17  time.o(.data)
    .data                                    0x00010039   Section        1  key.o(.data)
    .data                                    0x0001003c   Section        8  ir.o(.data)
    i                                        0x00010040   Data           4  ir.o(.data)
    .data                                    0x00010044   Section        4  pid_ctrl.o(.data)
    LastError                                0x00010044   Data           4  pid_ctrl.o(.data)
    .bss                                     0x00010048   Section       96  libspace.o(.bss)
    HEAP                                     0x000100a8   Section        0  aduc702x.o(HEAP)
    STACK                                    0x000100a8   Section     1664  aduc702x.o(STACK)
    Heap_Mem                                 0x000100a8   Data           0  aduc702x.o(HEAP)
    Stack_Mem                                0x000100a8   Data        1024  aduc702x.o(STACK)
    Stack_Top                                0x00010728   Data           0  aduc702x.o(STACK)
    RESET                                    0x00080000   Section      188  aduc702x.o(RESET)
    !!!main                                  0x000800bc   Section        8  __main.o(!!!main)
    !!!scatter                               0x000800c4   Section       60  __scatter.o(!!!scatter)
    !!handler_copy                           0x00080100   Section       40  __scatter_copy.o(!!handler_copy)
    !!handler_zi                             0x00080128   Section       44  __scatter_zi.o(!!handler_zi)
    .ARM.Collect$$libinit$$00000000          0x0008015c   Section        6  libinit.o(.ARM.Collect$$libinit$$00000000)
    .ARM.Collect$$libinit$$00000006          0x00080162   Section        0  libinit2.o(.ARM.Collect$$libinit$$00000006)
    .ARM.Collect$$libinit$$00000008          0x00080162   Section        0  libinit2.o(.ARM.Collect$$libinit$$00000008)
    .ARM.Collect$$libinit$$0000000A          0x00080162   Section        0  libinit2.o(.ARM.Collect$$libinit$$0000000A)
    .ARM.Collect$$libinit$$0000000D          0x00080162   Section        0  libinit2.o(.ARM.Collect$$libinit$$0000000D)
    .ARM.Collect$$libinit$$0000000F          0x00080162   Section        0  libinit2.o(.ARM.Collect$$libinit$$0000000F)
    .ARM.Collect$$libinit$$00000011          0x00080162   Section        0  libinit2.o(.ARM.Collect$$libinit$$00000011)
    .ARM.Collect$$libinit$$00000013          0x00080162   Section        0  libinit2.o(.ARM.Collect$$libinit$$00000013)
    .ARM.Collect$$libinit$$00000015          0x00080162   Section        0  libinit2.o(.ARM.Collect$$libinit$$00000015)
    .ARM.Collect$$libinit$$00000017          0x00080162   Section        0  libinit2.o(.ARM.Collect$$libinit$$00000017)
    .ARM.Collect$$libinit$$00000019          0x00080162   Section        0  libinit2.o(.ARM.Collect$$libinit$$00000019)
    .ARM.Collect$$libinit$$0000001B          0x00080162   Section        0  libinit2.o(.ARM.Collect$$libinit$$0000001B)
    .ARM.Collect$$libinit$$0000001D          0x00080162   Section        0  libinit2.o(.ARM.Collect$$libinit$$0000001D)
    .ARM.Collect$$libinit$$0000001F          0x00080162   Section        0  libinit2.o(.ARM.Collect$$libinit$$0000001F)
    .ARM.Collect$$libinit$$00000021          0x00080162   Section        0  libinit2.o(.ARM.Collect$$libinit$$00000021)
    .ARM.Collect$$libinit$$00000028          0x00080162   Section        0  libinit2.o(.ARM.Collect$$libinit$$00000028)
    .ARM.Collect$$libinit$$0000002A          0x00080162   Section        0  libinit2.o(.ARM.Collect$$libinit$$0000002A)
    .ARM.Collect$$libinit$$0000002C          0x00080162   Section        0  libinit2.o(.ARM.Collect$$libinit$$0000002C)
    .ARM.Collect$$libinit$$0000002E          0x00080162   Section        0  libinit2.o(.ARM.Collect$$libinit$$0000002E)
    .ARM.Collect$$libinit$$0000002F          0x00080162   Section       12  libinit2.o(.ARM.Collect$$libinit$$0000002F)
    .ARM.Collect$$libshutdown$$00000000      0x00080178   Section        4  libshutdown.o(.ARM.Collect$$libshutdown$$00000000)
    .ARM.Collect$$libshutdown$$00000003      0x0008017c   Section        0  libshutdown2.o(.ARM.Collect$$libshutdown$$00000003)
    .ARM.Collect$$libshutdown$$00000006      0x0008017c   Section        0  libshutdown2.o(.ARM.Collect$$libshutdown$$00000006)
    .ARM.Collect$$libshutdown$$00000009      0x0008017c   Section        0  libshutdown2.o(.ARM.Collect$$libshutdown$$00000009)
    .ARM.Collect$$libshutdown$$0000000B      0x0008017c   Section        0  libshutdown2.o(.ARM.Collect$$libshutdown$$0000000B)
    .ARM.Collect$$libshutdown$$0000000E      0x0008017c   Section        0  libshutdown2.o(.ARM.Collect$$libshutdown$$0000000E)
    .ARM.Collect$$libshutdown$$0000000F      0x0008017c   Section        6  libshutdown2.o(.ARM.Collect$$libshutdown$$0000000F)
    .ARM.Collect$$rtentry$$00000000          0x00080184   Section        0  rtentry.o(.ARM.Collect$$rtentry$$00000000)
    .ARM.Collect$$rtentry$$00000002          0x00080184   Section        0  rtentry2.o(.ARM.Collect$$rtentry$$00000002)
    .ARM.Collect$$rtentry$$00000004          0x00080184   Section        8  rtentry4.o(.ARM.Collect$$rtentry$$00000004)
    .ARM.Collect$$rtentry$$00000009          0x0008018c   Section        0  rtentry2.o(.ARM.Collect$$rtentry$$00000009)
    .ARM.Collect$$rtentry$$0000000A          0x0008018c   Section        4  rtentry2.o(.ARM.Collect$$rtentry$$0000000A)
    .ARM.Collect$$rtentry$$0000000C          0x00080190   Section        0  rtentry2.o(.ARM.Collect$$rtentry$$0000000C)
    .ARM.Collect$$rtentry$$0000000D          0x00080190   Section       40  rtentry2.o(.ARM.Collect$$rtentry$$0000000D)
    .ARM.Collect$$rtexit$$00000000           0x000801bc   Section        0  rtexit.o(.ARM.Collect$$rtexit$$00000000)
    .ARM.Collect$$rtexit$$00000002           0x000801bc   Section        0  rtexit2.o(.ARM.Collect$$rtexit$$00000002)
    .ARM.Collect$$rtexit$$00000003           0x000801bc   Section        4  rtexit2.o(.ARM.Collect$$rtexit$$00000003)
    .ARM.Collect$$rtexit$$00000004           0x000801c0   Section        4  rtexit2.o(.ARM.Collect$$rtexit$$00000004)
    .text                                    0x000801c4   Section       32  aduc702x.o(.text)
    .text                                    0x000801e4   Section      428  main.o(.text)
    .text                                    0x00080390   Section     1172  interface.o(.text)
    .text                                    0x00080824   Section      136  io_ctrl.o(.text)
    .text                                    0x000808ac   Section     5492  ocm12864.o(.text)
    .text                                    0x00081e20   Section      232  serial.o(.text)
    .text                                    0x00081f08   Section     1104  temperature.o(.text)
    .text                                    0x00082358   Section      640  time.o(.text)
    .text                                    0x000825d8   Section      124  int.o(.text)
    .text                                    0x00082654   Section      576  key.o(.text)
    .text                                    0x00082894   Section     1756  ir.o(.text)
    .text                                    0x00082f70   Section      224  pid_ctrl.o(.text)
    .text                                    0x00083058   Section       68  strlen.o(.text)
    .text                                    0x0008309c   Section      384  aeabi_sdiv.o(.text)
    __arm_div8                               0x000830c8   ARM Code       0  aeabi_sdiv.o(.text)
    __arm_div4                               0x000830f8   ARM Code       0  aeabi_sdiv.o(.text)
    __arm_div_large                          0x0008314c   ARM Code       0  aeabi_sdiv.o(.text)
    .text                                    0x0008321c   Section        6  heapauxi.o(.text)
    .text                                    0x00083224   Section       96  sys_stackheap_outer.o(.text)
    .text                                    0x00083284   Section       12  exit.o(.text)
    .text                                    0x00083290   Section       12  libspace.o(.text)
    .text                                    0x0008329c   Section       24  sys_exit.o(.text)
    .text                                    0x000832b4   Section        4  use_no_semi.o(.text)
    x$fpl$d2f                                0x000832b8   Section      172  d2f.o(x$fpl$d2f)
    x$fpl$dadd                               0x00083364   Section      468  daddsub_noclz.o(x$fpl$dadd)
    _dadd1                                   0x00083374   ARM Code       0  daddsub_noclz.o(x$fpl$dadd)
    x$fpl$dcheck                             0x00083538   Section       16  dcheck.o(x$fpl$dcheck)
    x$fpl$dcheck1                            0x00083548   Section       16  dcheck1.o(x$fpl$dcheck1)
    x$fpl$dcmpinfnan                         0x00083558   Section      100  fcmpin.o(x$fpl$dcmpinfnan)
    x$fpl$dfix                               0x000835bc   Section      176  dfix.o(x$fpl$dfix)
    x$fpl$dflt                               0x0008366c   Section       88  dflt_noclz.o(x$fpl$dflt)
    x$fpl$dfltu                              0x000836c4   Section       12  dflt_noclz.o(x$fpl$dfltu)
    x$fpl$dmul                               0x000836d0   Section      476  dmul.o(x$fpl$dmul)
    x$fpl$dsub                               0x000838ac   Section      584  daddsub_noclz.o(x$fpl$dsub)
    _dsub1                                   0x000838bc   ARM Code       0  daddsub_noclz.o(x$fpl$dsub)
    x$fpl$dunder                             0x00083af4   Section      280  dunder.o(x$fpl$dunder)
    x$fpl$fadd                               0x00083c0c   Section      264  faddsub_noclz.o(x$fpl$fadd)
    _fadd1                                   0x00083c18   ARM Code       0  faddsub_noclz.o(x$fpl$fadd)
    x$fpl$fcheck                             0x00083d14   Section       12  fcheck.o(x$fpl$fcheck)
    x$fpl$fcheck1                            0x00083d20   Section       12  fcheck1.o(x$fpl$fcheck1)
    x$fpl$ffix                               0x00083d2c   Section      116  ffix.o(x$fpl$ffix)
    x$fpl$fflt                               0x00083da0   Section       92  fflt_noclz.o(x$fpl$fflt)
    x$fpl$fleqf                              0x00083dfc   Section      120  fleqf.o(x$fpl$fleqf)
    x$fpl$fmul                               0x00083e74   Section      264  fmul.o(x$fpl$fmul)
    x$fpl$fnorm2                             0x00083f7c   Section      148  fnorm2_noclz.o(x$fpl$fnorm2)
    x$fpl$fpinit                             0x00084014   Section        4  fpinit.o(x$fpl$fpinit)
    x$fpl$fsub                               0x00084018   Section      360  faddsub_noclz.o(x$fpl$fsub)
    _fsub1                                   0x00084024   ARM Code       0  faddsub_noclz.o(x$fpl$fsub)
    x$fpl$funder                             0x00084180   Section      148  funder.o(x$fpl$funder)
    x$fpl$retnan                             0x00084214   Section      116  retnan.o(x$fpl$retnan)
    x$fpl$trapveneer                         0x00084288   Section       60  trapv.o(x$fpl$trapveneer)
    .constdata                               0x000842c4   Section     2728  ocm12864.o(.constdata)
    x$fpl$usenofp                            0x000842c4   Section        0  usenofp.o(x$fpl$usenofp)

    Global Symbols

    Symbol Name                              Value     Ov Type        Size  Object(Section)

    BuildAttributes$$THM_ISAv1$ARM_ISAv4$S$PE$A:L22$X:L11$S22$IEEE1$IW$USESV6$~STKCKD$USESV7$~SHL$OSPACE$ROPI$EBA8$UX$STANDARDLIB$REQ8$PRES8$EABIv2 0x00000000   Number         0  anon$$obj.o ABSOLUTE
    __ARM_use_no_argv                        0x00000000   Number         0  main.o ABSOLUTE
    __ARM_exceptions_init                     - Undefined Weak Reference
    __alloca_initialize                       - Undefined Weak Reference
    __cpp_initialize__aeabi_                  - Undefined Weak Reference
    __cxa_finalize                            - Undefined Weak Reference
    __fpl_infinity                            - Undefined Weak Reference
    __rt_locale                               - Undefined Weak Reference
    __sigvec_lookup                           - Undefined Weak Reference
    _atexit_init                              - Undefined Weak Reference
    _call_atexit_fns                          - Undefined Weak Reference
    _clock_init                               - Undefined Weak Reference
    _fp_trap_init                             - Undefined Weak Reference
    _fp_trap_shutdown                         - Undefined Weak Reference
    _get_lc_collate                           - Undefined Weak Reference
    _get_lc_ctype                             - Undefined Weak Reference
    _get_lc_monetary                          - Undefined Weak Reference
    _get_lc_numeric                           - Undefined Weak Reference
    _get_lc_time                              - Undefined Weak Reference
    _getenv_init                              - Undefined Weak Reference
    _handle_redirection                       - Undefined Weak Reference
    _init_alloc                               - Undefined Weak Reference
    _init_user_alloc                          - Undefined Weak Reference
    _initio                                   - Undefined Weak Reference
    _rand_init                                - Undefined Weak Reference
    _signal_finish                            - Undefined Weak Reference
    _signal_init                              - Undefined Weak Reference
    _terminate_alloc                          - Undefined Weak Reference
    _terminate_user_alloc                     - Undefined Weak Reference
    _terminateio                              - Undefined Weak Reference
    IRQ                                      0x00010000   Data           4  main.o(.data)
    SWI                                      0x00010004   Data           4  main.o(.data)
    FIQ                                      0x00010008   Data           4  main.o(.data)
    UNDEF                                    0x0001000c   Data           4  main.o(.data)
    PABORT                                   0x00010010   Data           4  main.o(.data)
    DABORT                                   0x00010014   Data           4  main.o(.data)
    flash_time                               0x00010018   Data           4  interface.o(.data)
    tmp_str                                  0x0001001c   Data           7  temperature.o(.data)
    tmp                                      0x00010024   Data           4  temperature.o(.data)
    set_tmp                                  0x00010028   Data           4  time.o(.data)
    set_min                                  0x0001002c   Data           4  time.o(.data)
    remain_min                               0x00010030   Data           4  time.o(.data)
    remain_sec                               0x00010034   Data           4  time.o(.data)
    stage                                    0x00010038   Data           1  time.o(.data)
    flash                                    0x00010039   Data           1  key.o(.data)
    key_id                                   0x0001003c   Data           4  ir.o(.data)
    __libspace_start                         0x00010048   Data          96  libspace.o(.bss)
    __temporary_stack_top$libspace           0x000100a8   Data           0  libspace.o(.bss)
    Reset_Handler                            0x00080040   ARM Code       0  aduc702x.o(RESET)
    __main                                   0x000800bc   ARM Code       8  __main.o(!!!main)
    __scatterload                            0x000800c4   ARM Code       0  __scatter.o(!!!scatter)
    __scatterload_rt2                        0x000800c4   ARM Code      52  __scatter.o(!!!scatter)
    __scatterload_null                       0x000800d8   ARM Code       0  __scatter.o(!!!scatter)
    __scatterload_copy                       0x00080100   ARM Code      40  __scatter_copy.o(!!handler_copy)
    __scatterload_zeroinit                   0x00080128   ARM Code      44  __scatter_zi.o(!!handler_zi)
    Inline ARM to Thumb Veneer to __rt_lib_init 0x00080154   ARM Code       8  libinit.o(.ARM.Collect$$libinit$$00000000)
    __rt_lib_init                            0x0008015d   Thumb Code     0  libinit.o(.ARM.Collect$$libinit$$00000000)
    __rt_lib_init_alloca_1                   0x00080163   Thumb Code     0  libinit2.o(.ARM.Collect$$libinit$$0000002A)
    __rt_lib_init_argv_1                     0x00080163   Thumb Code     0  libinit2.o(.ARM.Collect$$libinit$$00000028)
    __rt_lib_init_atexit_1                   0x00080163   Thumb Code     0  libinit2.o(.ARM.Collect$$libinit$$00000017)
    __rt_lib_init_clock_1                    0x00080163   Thumb Code     0  libinit2.o(.ARM.Collect$$libinit$$0000001D)
    __rt_lib_init_cpp_1                      0x00080163   Thumb Code     0  libinit2.o(.ARM.Collect$$libinit$$0000002E)
    __rt_lib_init_exceptions_1               0x00080163   Thumb Code     0  libinit2.o(.ARM.Collect$$libinit$$0000002C)
    __rt_lib_init_fp_trap_1                  0x00080163   Thumb Code     0  libinit2.o(.ARM.Collect$$libinit$$0000001B)
    __rt_lib_init_getenv_1                   0x00080163   Thumb Code     0  libinit2.o(.ARM.Collect$$libinit$$0000001F)
    __rt_lib_init_heap_1                     0x00080163   Thumb Code     0  libinit2.o(.ARM.Collect$$libinit$$00000006)
    __rt_lib_init_lc_collate_1               0x00080163   Thumb Code     0  libinit2.o(.ARM.Collect$$libinit$$0000000D)
    __rt_lib_init_lc_ctype_1                 0x00080163   Thumb Code     0  libinit2.o(.ARM.Collect$$libinit$$0000000F)
    __rt_lib_init_lc_monetary_1              0x00080163   Thumb Code     0  libinit2.o(.ARM.Collect$$libinit$$00000011)
    __rt_lib_init_lc_numeric_1               0x00080163   Thumb Code     0  libinit2.o(.ARM.Collect$$libinit$$00000013)
    __rt_lib_init_lc_time_1                  0x00080163   Thumb Code     0  libinit2.o(.ARM.Collect$$libinit$$00000015)
    __rt_lib_init_rand_1                     0x00080163   Thumb Code     0  libinit2.o(.ARM.Collect$$libinit$$0000000A)
    __rt_lib_init_return                     0x00080163   Thumb Code     0  libinit2.o(.ARM.Collect$$libinit$$0000002F)
    __rt_lib_init_signal_1                   0x00080163   Thumb Code     0  libinit2.o(.ARM.Collect$$libinit$$00000019)
    __rt_lib_init_stdio_1                    0x00080163   Thumb Code     0  libinit2.o(.ARM.Collect$$libinit$$00000021)
    __rt_lib_init_user_alloc_1               0x00080163   Thumb Code     0  libinit2.o(.ARM.Collect$$libinit$$00000008)
    Inline ARM to Thumb Veneer to __rt_lib_shutdown 0x00080170   ARM Code       8  libshutdown.o(.ARM.Collect$$libshutdown$$00000000)
    __rt_lib_shutdown                        0x00080179   Thumb Code     0  libshutdown.o(.ARM.Collect$$libshutdown$$00000000)
    __rt_lib_shutdown_fp_trap_1              0x0008017d   Thumb Code     0  libshutdown2.o(.ARM.Collect$$libshutdown$$00000006)
    __rt_lib_shutdown_heap_1                 0x0008017d   Thumb Code     0  libshutdown2.o(.ARM.Collect$$libshutdown$$0000000E)
    __rt_lib_shutdown_return                 0x0008017d   Thumb Code     0  libshutdown2.o(.ARM.Collect$$libshutdown$$0000000F)
    __rt_lib_shutdown_signal_1               0x0008017d   Thumb Code     0  libshutdown2.o(.ARM.Collect$$libshutdown$$00000009)
    __rt_lib_shutdown_stdio_1                0x0008017d   Thumb Code     0  libshutdown2.o(.ARM.Collect$$libshutdown$$00000003)
    __rt_lib_shutdown_user_alloc_1           0x0008017d   Thumb Code     0  libshutdown2.o(.ARM.Collect$$libshutdown$$0000000B)
    __rt_entry                               0x00080184   ARM Code       0  rtentry.o(.ARM.Collect$$rtentry$$00000000)
    __rt_entry_presh_1                       0x00080184   ARM Code       0  rtentry2.o(.ARM.Collect$$rtentry$$00000002)
    __rt_entry_sh                            0x00080184   ARM Code       0  rtentry4.o(.ARM.Collect$$rtentry$$00000004)
    __rt_entry_li                            0x0008018c   ARM Code       0  rtentry2.o(.ARM.Collect$$rtentry$$0000000A)
    __rt_entry_postsh_1                      0x0008018c   ARM Code       0  rtentry2.o(.ARM.Collect$$rtentry$$00000009)
    __rt_entry_main                          0x00080190   ARM Code       0  rtentry2.o(.ARM.Collect$$rtentry$$0000000D)
    __rt_entry_postli_1                      0x00080190   ARM Code       0  rtentry2.o(.ARM.Collect$$rtentry$$0000000C)
    Inline Thumb to ARM Veneer to __rt_exit  0x000801b9   Thumb Code     4  rtexit.o(.ARM.Collect$$rtexit$$00000000)
    __rt_exit                                0x000801bc   ARM Code       0  rtexit.o(.ARM.Collect$$rtexit$$00000000)
    __rt_exit_ls                             0x000801bc   ARM Code       0  rtexit2.o(.ARM.Collect$$rtexit$$00000003)
    __rt_exit_prels_1                        0x000801bc   ARM Code       0  rtexit2.o(.ARM.Collect$$rtexit$$00000002)
    __rt_exit_exit                           0x000801c0   ARM Code       0  rtexit2.o(.ARM.Collect$$rtexit$$00000004)
    __user_initial_stackheap                 0x000801c4   ARM Code       0  aduc702x.o(.text)
    FIQ_Handler                              0x000801e4   ARM Code      44  main.o(.text)
    SWI_Handler                              0x00080210   ARM Code      44  main.o(.text)
    Undef_Handler                            0x0008023c   ARM Code      44  main.o(.text)
    PAbt_Handler                             0x00080268   ARM Code      44  main.o(.text)
    DAbt_Handler                             0x00080294   ARM Code      44  main.o(.text)
    main                                     0x000802c0   ARM Code     176  main.o(.text)
    Display                                  0x00080390   ARM Code     220  interface.o(.text)
    UpdateDisplay                            0x0008046c   ARM Code     952  interface.o(.text)
    IOInit                                   0x00080824   ARM Code      40  io_ctrl.o(.text)
    BeepOn                                   0x0008084c   ARM Code      24  io_ctrl.o(.text)
    BeepOff                                  0x00080864   ARM Code      24  io_ctrl.o(.text)
    RelayOn                                  0x0008087c   ARM Code      24  io_ctrl.o(.text)
    RelayOff                                 0x00080894   ARM Code      24  io_ctrl.o(.text)
    delaynum                                 0x000808ac   ARM Code      24  ocm12864.o(.text)
    check_busy                               0x000808c4   ARM Code     220  ocm12864.o(.text)
    write_data                               0x000809a0   ARM Code     176  ocm12864.o(.text)
    write_command                            0x00080a50   ARM Code     176  ocm12864.o(.text)
    LCD_Delay                                0x00080b00   ARM Code      20  ocm12864.o(.text)
    reset                                    0x00080b14   ARM Code      68  ocm12864.o(.text)
    clear_screen                             0x00080b58   ARM Code     104  ocm12864.o(.text)
    lcd_initial                              0x00080bc0   ARM Code     256  ocm12864.o(.text)
    set_page_address                         0x00080cc0   ARM Code      24  ocm12864.o(.text)
    set_colume_address                       0x00080cd8   ARM Code      40  ocm12864.o(.text)
    disp_word                                0x00080d00   ARM Code     216  ocm12864.o(.text)
    disp_huge_word                           0x00080dd8   ARM Code     392  ocm12864.o(.text)
    disp_huge_dot                            0x00080f60   ARM Code     384  ocm12864.o(.text)
    disp_big_word                            0x000810e0   ARM Code     392  ocm12864.o(.text)
    disp_chn                                 0x00081268   ARM Code     212  ocm12864.o(.text)
    disp_str                                 0x0008133c   ARM Code      96  ocm12864.o(.text)
    setpoint                                 0x0008139c   ARM Code      80  ocm12864.o(.text)
    point                                    0x000813ec   ARM Code      44  ocm12864.o(.text)
    disp_bmp                                 0x00081418   ARM Code     108  ocm12864.o(.text)
    shuxian                                  0x00081484   ARM Code      72  ocm12864.o(.text)
    hengxian                                 0x000814cc   ARM Code      48  ocm12864.o(.text)
    write_BigNum                             0x000814fc   ARM Code     412  ocm12864.o(.text)
    write_Num                                0x00081698   ARM Code     360  ocm12864.o(.text)
    write_floatNum                           0x00081800   ARM Code    1568  ocm12864.o(.text)
    SerialInit                               0x00081e20   ARM Code      52  serial.o(.text)
    PutChar                                  0x00081e54   ARM Code      80  serial.o(.text)
    GetChar                                  0x00081ea4   ARM Code      36  serial.o(.text)
    Write                                    0x00081ec8   ARM Code      60  serial.o(.text)
    DelayUs                                  0x00081f08   ARM Code      24  temperature.o(.text)
    DelayMs                                  0x00081f20   ARM Code      52  temperature.o(.text)
    SysClkInit                               0x00081f54   ARM Code      56  temperature.o(.text)
    TmpBusInit                               0x00081f8c   ARM Code     100  temperature.o(.text)
    ReadTmpBus                               0x00081ff0   ARM Code     124  temperature.o(.text)
    WriteTmpBus                              0x0008206c   ARM Code     128  temperature.o(.text)
    ConvertTmp                               0x000820ec   ARM Code     472  temperature.o(.text)
    ReadTmp                                  0x000822c4   ARM Code     148  temperature.o(.text)
    StartTime                                0x00082358   ARM Code      40  time.o(.text)
    PauseTime                                0x00082380   ARM Code      24  time.o(.text)
    CountTime                                0x00082398   ARM Code     560  time.o(.text)
    IRQ_Handler                              0x000825d8   ARM Code     120  int.o(.text)
    KeyInit                                  0x00082654   ARM Code      92  key.o(.text)
    AckKey                                   0x000826b0   ARM Code      40  key.o(.text)
    DecKey                                   0x000826d8   ARM Code     124  key.o(.text)
    AddKey                                   0x00082754   ARM Code     124  key.o(.text)
    SwitchKey                                0x000827d0   ARM Code      60  key.o(.text)
    CheckKey                                 0x0008280c   ARM Code     116  key.o(.text)
    IRInit                                   0x00082894   ARM Code      60  ir.o(.text)
    beep                                     0x000828d0   ARM Code      68  ir.o(.text)
    CheckIR                                  0x00082914   ARM Code     836  ir.o(.text)
    SetNum                                   0x00082c58   ARM Code     388  ir.o(.text)
    HandleIR                                 0x00082ddc   ARM Code     372  ir.o(.text)
    PIDCalc                                  0x00082f70   ARM Code     140  pid_ctrl.o(.text)
    ControlTmp                               0x00082ffc   ARM Code      72  pid_ctrl.o(.text)
    Inline ARM to Thumb Veneer to strlen     0x00083050   ARM Code       8  strlen.o(.text)
    strlen                                   0x00083059   Thumb Code    64  strlen.o(.text)
    __aeabi_idiv                             0x0008309c   ARM Code       0  aeabi_sdiv.o(.text)
    __aeabi_idivmod                          0x0008309c   ARM Code     384  aeabi_sdiv.o(.text)
    __use_two_region_memory                  0x0008321d   Thumb Code     2  heapauxi.o(.text)
    __rt_heap_escrow$2region                 0x0008321f   Thumb Code     2  heapauxi.o(.text)
    __rt_heap_expand$2region                 0x00083221   Thumb Code     2  heapauxi.o(.text)
    __user_setup_stackheap                   0x00083224   ARM Code      96  sys_stackheap_outer.o(.text)
    exit                                     0x00083285   Thumb Code    12  exit.o(.text)
    __user_libspace                          0x00083290   ARM Code      12  libspace.o(.text)
    __user_perproc_libspace                  0x00083290   ARM Code       0  libspace.o(.text)
    __user_perthread_libspace                0x00083290   ARM Code       0  libspace.o(.text)
    _sys_exit                                0x0008329c   ARM Code      20  sys_exit.o(.text)
    __I$use$semihosting                      0x000832b4   ARM Code       0  use_no_semi.o(.text)
    __use_no_semihosting_swi                 0x000832b4   ARM Code       4  use_no_semi.o(.text)
    __aeabi_d2f                              0x000832b8   ARM Code       0  d2f.o(x$fpl$d2f)
    _d2f                                     0x000832b8   ARM Code     168  d2f.o(x$fpl$d2f)
    __fpl_inf_d2f                            0x00083358   ARM Code       0  d2f.o(x$fpl$d2f)
    __aeabi_dadd                             0x00083364   ARM Code       0  daddsub_noclz.o(x$fpl$dadd)
    _dadd                                    0x00083364   ARM Code     452  daddsub_noclz.o(x$fpl$dadd)
    __fpl_inf_dadd                           0x000834e0   ARM Code       0  daddsub_noclz.o(x$fpl$dadd)
    __fpl_dcheck_NaN2                        0x00083538   ARM Code      12  dcheck.o(x$fpl$dcheck)
    __fpl_dcheck_NaN1                        0x00083548   ARM Code      12  dcheck1.o(x$fpl$dcheck1)
    __fpl_fcmp_InfNaN                        0x00083558   ARM Code     100  fcmpin.o(x$fpl$dcmpinfnan)
    __fpl_inf_fcmp                           0x0008356c   ARM Code       0  fcmpin.o(x$fpl$dcmpinfnan)
    __aeabi_d2iz                             0x000835bc   ARM Code       0  dfix.o(x$fpl$dfix)
    _dfix                                    0x000835bc   ARM Code     172  dfix.o(x$fpl$dfix)
    __fpl_inf_dfix                           0x0008365c   ARM Code       0  dfix.o(x$fpl$dfix)
    __aeabi_i2d                              0x0008366c   ARM Code       0  dflt_noclz.o(x$fpl$dflt)
    _dflt                                    0x0008366c   ARM Code      88  dflt_noclz.o(x$fpl$dflt)
    __dflt_normalise                         0x0008367c   ARM Code       0  dflt_noclz.o(x$fpl$dflt)
    __aeabi_ui2d                             0x000836c4   ARM Code       0  dflt_noclz.o(x$fpl$dfltu)
    _dfltu                                   0x000836c4   ARM Code      12  dflt_noclz.o(x$fpl$dfltu)
    __aeabi_dmul                             0x000836d0   ARM Code       0  dmul.o(x$fpl$dmul)
    _dmul                                    0x000836d0   ARM Code     460  dmul.o(x$fpl$dmul)
    __fpl_inf_dmul                           0x00083868   ARM Code       0  dmul.o(x$fpl$dmul)
    __aeabi_dsub                             0x000838ac   ARM Code       0  daddsub_noclz.o(x$fpl$dsub)
    _dsub                                    0x000838ac   ARM Code     572  daddsub_noclz.o(x$fpl$dsub)
    __fpl_inf_dsub                           0x00083aa0   ARM Code       0  daddsub_noclz.o(x$fpl$dsub)
    __dunder                                 0x00083af4   ARM Code     276  dunder.o(x$fpl$dunder)
    __dunder_d                               0x00083c08   ARM Code       4  dunder.o(x$fpl$dunder)
    __aeabi_fadd                             0x00083c0c   ARM Code       0  faddsub_noclz.o(x$fpl$fadd)
    _fadd                                    0x00083c0c   ARM Code     260  faddsub_noclz.o(x$fpl$fadd)
    __fpl_inf_fadd                           0x00083ce8   ARM Code       0  faddsub_noclz.o(x$fpl$fadd)
    __fpl_fcheck_NaN2                        0x00083d14   ARM Code       8  fcheck.o(x$fpl$fcheck)
    __fpl_fcheck_NaN1                        0x00083d20   ARM Code       8  fcheck1.o(x$fpl$fcheck1)
    __aeabi_f2iz                             0x00083d2c   ARM Code       0  ffix.o(x$fpl$ffix)
    _ffix                                    0x00083d2c   ARM Code     112  ffix.o(x$fpl$ffix)
    __fpl_inf_ffix                           0x00083d90   ARM Code       0  ffix.o(x$fpl$ffix)
    __aeabi_i2f                              0x00083da0   ARM Code       0  fflt_noclz.o(x$fpl$fflt)
    _fflt                                    0x00083da0   ARM Code      92  fflt_noclz.o(x$fpl$fflt)
    __fflt_normalise                         0x00083dac   ARM Code       0  fflt_noclz.o(x$fpl$fflt)
    __aeabi_cfcmple                          0x00083dfc   ARM Code       0  fleqf.o(x$fpl$fleqf)
    _fcmple                                  0x00083dfc   ARM Code     116  fleqf.o(x$fpl$fleqf)
    __aeabi_fmul                             0x00083e74   ARM Code       0  fmul.o(x$fpl$fmul)
    _fmul                                    0x00083e74   ARM Code     260  fmul.o(x$fpl$fmul)
    __fpl_inf_fmul                           0x00083f5c   ARM Code       0  fmul.o(x$fpl$fmul)
    __fpl_normalise2                         0x00083f7c   ARM Code     148  fnorm2_noclz.o(x$fpl$fnorm2)
    Inline Thumb to ARM Veneer to _fp_init   0x00084011   Thumb Code     4  fpinit.o(x$fpl$fpinit)
    __fplib_config_pureend_doubles           0x00084014   ARM Code       0  fpinit.o(x$fpl$fpinit)
    _fp_init                                 0x00084014   ARM Code       4  fpinit.o(x$fpl$fpinit)
    __aeabi_fsub                             0x00084018   ARM Code       0  faddsub_noclz.o(x$fpl$fsub)
    _fsub                                    0x00084018   ARM Code     356  faddsub_noclz.o(x$fpl$fsub)
    __fpl_inf_fsub                           0x00084154   ARM Code       0  faddsub_noclz.o(x$fpl$fsub)
    __funder                                 0x00084180   ARM Code     144  funder.o(x$fpl$funder)
    __funder_d                               0x00084210   ARM Code       4  funder.o(x$fpl$funder)
    __fpl_return_NaN                         0x00084214   ARM Code     116  retnan.o(x$fpl$retnan)
    __fpl_cmpreturn                          0x00084288   ARM Code      60  trapv.o(x$fpl$trapveneer)
    __I$use$fp                               0x000842c4   ARM Code       0  usenofp.o(x$fpl$usenofp)
    tab                                      0x000842c4   Data         384  ocm12864.o(.constdata)
    dian                                     0x00084444   Data          32  ocm12864.o(.constdata)
    adj_page                                 0x00084464   Data           8  ocm12864.o(.constdata)
    BigNum                                   0x0008446c   Data         768  ocm12864.o(.constdata)
    ASCIIchardot                             0x0008476c   Data        1536  ocm12864.o(.constdata)
    Region$$Table$$Base                      0x00084d6c   Number         0  anon$$obj.o(Region$$Table)
    Region$$Table$$Limit                     0x00084d8c   Number         0  anon$$obj.o(Region$$Table)



==============================================================================

Memory Map of the image

  Image Entry point : 0x000800bc

  Load Region LR_IROM1 (Base: 0x00080000, Size: 0x00004dd4, Max: 0x0000f800, ABSOLUTE)

    Execution Region ER_IROM1 (Base: 0x00080000, Size: 0x00004d8c, Max: 0x0000f800, ABSOLUTE)

    Base Addr    Size         Type   Attr      Idx    E Section Name        Object

    0x00080000   0x000000bc   Code   RO            3    RESET               aduc702x.o
    0x000800bc   0x00000008   Code   RO          332  * !!!main             __main.o(c_t.l)
    0x000800c4   0x0000003c   Code   RO          558    !!!scatter          __scatter.o(c_t.l)
    0x00080100   0x00000028   Code   RO          560    !!handler_copy      __scatter_copy.o(c_t.l)
    0x00080128   0x0000002c   Code   RO          562    !!handler_zi        __scatter_zi.o(c_t.l)
    0x00080154   0x00000008   Ven    RO          431    .ARM.Collect$$libinit$$00000000  libinit.o(c_t.l)
    0x0008015c   0x00000006   Code   RO          431    .ARM.Collect$$libinit$$00000000  libinit.o(c_t.l)
    0x00080162   0x00000000   Code   RO          445    .ARM.Collect$$libinit$$00000006  libinit2.o(c_t.l)
    0x00080162   0x00000000   Code   RO          447    .ARM.Collect$$libinit$$00000008  libinit2.o(c_t.l)
    0x00080162   0x00000000   Code   RO          449    .ARM.Collect$$libinit$$0000000A  libinit2.o(c_t.l)
    0x00080162   0x00000000   Code   RO          452    .ARM.Collect$$libinit$$0000000D  libinit2.o(c_t.l)
    0x00080162   0x00000000   Code   RO          454    .ARM.Collect$$libinit$$0000000F  libinit2.o(c_t.l)
    0x00080162   0x00000000   Code   RO          456    .ARM.Collect$$libinit$$00000011  libinit2.o(c_t.l)
    0x00080162   0x00000000   Code   RO          458    .ARM.Collect$$libinit$$00000013  libinit2.o(c_t.l)
    0x00080162   0x00000000   Code   RO          460    .ARM.Collect$$libinit$$00000015  libinit2.o(c_t.l)
    0x00080162   0x00000000   Code   RO          462    .ARM.Collect$$libinit$$00000017  libinit2.o(c_t.l)
    0x00080162   0x00000000   Code   RO          464    .ARM.Collect$$libinit$$00000019  libinit2.o(c_t.l)
    0x00080162   0x00000000   Code   RO          466    .ARM.Collect$$libinit$$0000001B  libinit2.o(c_t.l)
    0x00080162   0x00000000   Code   RO          468    .ARM.Collect$$libinit$$0000001D  libinit2.o(c_t.l)
    0x00080162   0x00000000   Code   RO          470    .ARM.Collect$$libinit$$0000001F  libinit2.o(c_t.l)
    0x00080162   0x00000000   Code   RO          472    .ARM.Collect$$libinit$$00000021  libinit2.o(c_t.l)
    0x00080162   0x00000000   Code   RO          476    .ARM.Collect$$libinit$$00000028  libinit2.o(c_t.l)
    0x00080162   0x00000000   Code   RO          478    .ARM.Collect$$libinit$$0000002A  libinit2.o(c_t.l)
    0x00080162   0x00000000   Code   RO          480    .ARM.Collect$$libinit$$0000002C  libinit2.o(c_t.l)
    0x00080162   0x00000000   Code   RO          482    .ARM.Collect$$libinit$$0000002E  libinit2.o(c_t.l)
    0x00080162   0x0000000c   Code   RO          483    .ARM.Collect$$libinit$$0000002F  libinit2.o(c_t.l)
    0x0008016e   0x00000002   PAD
    0x00080170   0x00000008   Ven    RO          516    .ARM.Collect$$libshutdown$$00000000  libshutdown.o(c_t.l)
    0x00080178   0x00000004   Code   RO          516    .ARM.Collect$$libshutdown$$00000000  libshutdown.o(c_t.l)
    0x0008017c   0x00000000   Code   RO          543    .ARM.Collect$$libshutdown$$00000003  libshutdown2.o(c_t.l)
    0x0008017c   0x00000000   Code   RO          546    .ARM.Collect$$libshutdown$$00000006  libshutdown2.o(c_t.l)
    0x0008017c   0x00000000   Code   RO          549    .ARM.Collect$$libshutdown$$00000009  libshutdown2.o(c_t.l)
    0x0008017c   0x00000000   Code   RO          551    .ARM.Collect$$libshutdown$$0000000B  libshutdown2.o(c_t.l)
    0x0008017c   0x00000000   Code   RO          554    .ARM.Collect$$libshutdown$$0000000E  libshutdown2.o(c_t.l)
    0x0008017c   0x00000006   Code   RO          555    .ARM.Collect$$libshutdown$$0000000F  libshutdown2.o(c_t.l)
    0x00080182   0x00000002   PAD
    0x00080184   0x00000000   Code   RO          370    .ARM.Collect$$rtentry$$00000000  rtentry.o(c_t.l)
    0x00080184   0x00000000   Code   RO          394    .ARM.Collect$$rtentry$$00000002  rtentry2.o(c_t.l)
    0x00080184   0x00000008   Code   RO          409    .ARM.Collect$$rtentry$$00000004  rtentry4.o(c_t.l)
    0x0008018c   0x00000000   Code   RO          396    .ARM.Collect$$rtentry$$00000009  rtentry2.o(c_t.l)
    0x0008018c   0x00000004   Code   RO          397    .ARM.Collect$$rtentry$$0000000A  rtentry2.o(c_t.l)
    0x00080190   0x00000000   Code   RO          399    .ARM.Collect$$rtentry$$0000000C  rtentry2.o(c_t.l)
    0x00080190   0x00000028   Code   RO          400    .ARM.Collect$$rtentry$$0000000D  rtentry2.o(c_t.l)
    0x000801b8   0x00000004   Ven    RO          435    .ARM.Collect$$rtexit$$00000000  rtexit.o(c_t.l)
    0x000801bc   0x00000000   Code   RO          435    .ARM.Collect$$rtexit$$00000000  rtexit.o(c_t.l)
    0x000801bc   0x00000000   Code   RO          489    .ARM.Collect$$rtexit$$00000002  rtexit2.o(c_t.l)
    0x000801bc   0x00000004   Code   RO          490    .ARM.Collect$$rtexit$$00000003  rtexit2.o(c_t.l)
    0x000801c0   0x00000004   Code   RO          491    .ARM.Collect$$rtexit$$00000004  rtexit2.o(c_t.l)
    0x000801c4   0x00000020   Code   RO            4    .text               aduc702x.o
    0x000801e4   0x000001ac   Code   RO           11    .text               main.o
    0x00080390   0x00000494   Code   RO          103    .text               interface.o
    0x00080824   0x00000088   Code   RO          143    .text               io_ctrl.o
    0x000808ac   0x00001574   Code   RO          158    .text               ocm12864.o
    0x00081e20   0x000000e8   Code   RO          176    .text               serial.o
    0x00081f08   0x00000450   Code   RO          191    .text               temperature.o
    0x00082358   0x00000280   Code   RO          209    .text               time.o
    0x000825d8   0x0000007c   Code   RO          230    .text               int.o
    0x00082654   0x00000240   Code   RO          254    .text               key.o
    0x00082894   0x000006dc   Code   RO          272    .text               ir.o
    0x00082f70   0x000000e0   Code   RO          294    .text               pid_ctrl.o
    0x00083050   0x00000008   Ven    RO          312    .text               strlen.o(c_t.l)
    0x00083058   0x00000044   Code   RO          312    .text               strlen.o(c_t.l)
    0x0008309c   0x00000180   Code   RO          314    .text               aeabi_sdiv.o(c_t.l)
    0x0008321c   0x00000006   Code   RO          330    .text               heapauxi.o(c_t.l)
    0x00083222   0x00000002   PAD
    0x00083224   0x00000060   Code   RO          417    .text               sys_stackheap_outer.o(c_t.l)
    0x00083284   0x0000000c   Code   RO          419    .text               exit.o(c_t.l)
    0x00083290   0x0000000c   Code   RO          432    .text               libspace.o(c_t.l)
    0x0008329c   0x00000018   Code   RO          486    .text               sys_exit.o(c_t.l)
    0x000832b4   0x00000004   Code   RO          506    .text               use_no_semi.o(c_t.l)
    0x000832b8   0x000000ac   Code   RO          334    x$fpl$d2f           d2f.o(fz_ts.l)
    0x00083364   0x000001d4   Code   RO          336    x$fpl$dadd          daddsub_noclz.o(fz_ts.l)
    0x00083538   0x00000010   Code   RO          376    x$fpl$dcheck        dcheck.o(fz_ts.l)
    0x00083548   0x00000010   Code   RO          378    x$fpl$dcheck1       dcheck1.o(fz_ts.l)
    0x00083558   0x00000064   Code   RO          386    x$fpl$dcmpinfnan    fcmpin.o(fz_ts.l)
    0x000835bc   0x000000b0   Code   RO          342    x$fpl$dfix          dfix.o(fz_ts.l)
    0x0008366c   0x00000058   Code   RO          347    x$fpl$dflt          dflt_noclz.o(fz_ts.l)
    0x000836c4   0x0000000c   Code   RO          346    x$fpl$dfltu         dflt_noclz.o(fz_ts.l)
    0x000836d0   0x000001dc   Code   RO          350    x$fpl$dmul          dmul.o(fz_ts.l)
    0x000838ac   0x00000248   Code   RO          338    x$fpl$dsub          daddsub_noclz.o(fz_ts.l)
    0x00083af4   0x00000118   Code   RO          380    x$fpl$dunder        dunder.o(fz_ts.l)
    0x00083c0c   0x00000108   Code   RO          352    x$fpl$fadd          faddsub_noclz.o(fz_ts.l)
    0x00083d14   0x0000000c   Code   RO          382    x$fpl$fcheck        fcheck.o(fz_ts.l)
    0x00083d20   0x0000000c   Code   RO          384    x$fpl$fcheck1       fcheck1.o(fz_ts.l)
    0x00083d2c   0x00000074   Code   RO          358    x$fpl$ffix          ffix.o(fz_ts.l)
    0x00083da0   0x0000005c   Code   RO          363    x$fpl$fflt          fflt_noclz.o(fz_ts.l)
    0x00083dfc   0x00000078   Code   RO          366    x$fpl$fleqf         fleqf.o(fz_ts.l)
    0x00083e74   0x00000108   Code   RO          368    x$fpl$fmul          fmul.o(fz_ts.l)
    0x00083f7c   0x00000094   Code   RO          388    x$fpl$fnorm2        fnorm2_noclz.o(fz_ts.l)
    0x00084010   0x00000004   Ven    RO          484    x$fpl$fpinit        fpinit.o(fz_ts.l)
    0x00084014   0x00000004   Code   RO          484    x$fpl$fpinit        fpinit.o(fz_ts.l)
    0x00084018   0x00000168   Code   RO          354    x$fpl$fsub          faddsub_noclz.o(fz_ts.l)
    0x00084180   0x00000094   Code   RO          390    x$fpl$funder        funder.o(fz_ts.l)
    0x00084214   0x00000074   Code   RO          413    x$fpl$retnan        retnan.o(fz_ts.l)
    0x00084288   0x0000003c   Code   RO          415    x$fpl$trapveneer    trapv.o(fz_ts.l)
    0x000842c4   0x00000000   Code   RO          392    x$fpl$usenofp       usenofp.o(fz_ts.l)
    0x000842c4   0x00000aa8   Data   RO          159    .constdata          ocm12864.o
    0x00084d6c   0x00000020   Data   RO          556    Region$$Table       anon$$obj.o


    Execution Region RW_IRAM1 (Base: 0x00010000, Size: 0x00000728, Max: 0x00002000, ABSOLUTE)

    Base Addr    Size         Type   Attr      Idx    E Section Name        Object

    0x00010000   0x00000018   Data   RW           12    .data               main.o
    0x00010018   0x00000004   Data   RW          104    .data               interface.o
    0x0001001c   0x0000000c   Data   RW          192    .data               temperature.o
    0x00010028   0x00000011   Data   RW          210    .data               time.o
    0x00010039   0x00000001   Data   RW          255    .data               key.o
    0x0001003a   0x00000002   PAD
    0x0001003c   0x00000008   Data   RW          273    .data               ir.o
    0x00010044   0x00000004   Data   RW          295    .data               pid_ctrl.o
    0x00010048   0x00000060   Zero   RW          433    .bss                libspace.o(c_t.l)
    0x000100a8   0x00000000   Zero   RW            2    HEAP                aduc702x.o
    0x000100a8   0x00000680   Zero   RW            1    STACK               aduc702x.o


==============================================================================

Image component sizes


      Code (inc. data)   RO Data    RW Data    ZI Data      Debug   Object Name

       220         56          0          0       1664        400   aduc702x.o
       124          4          0          0          0        438   int.o
      1172         40          0          4          0       1985   interface.o
       136          0          0          0          0        697   io_ctrl.o
      1756         32          0          8          0       1891   ir.o
       576         20          0          1          0       1174   key.o
       428         32          0         24          0       5477   main.o
      5492        112       2728          0          0       9134   ocm12864.o
       224         12          0          4          0        721   pid_ctrl.o
       232          4          0          0          0       1051   serial.o
      1104         32          0         12          0       2712   temperature.o
       640         16          0         17          0       1086   time.o

    ----------------------------------------------------------------------
     12104        360       2760         72       1664      26766   Object Totals
         0          0         32          0          0          0   (incl. Generated)
         0          0          0          2          0          0   (incl. Padding)

    ----------------------------------------------------------------------

      Code (inc. data)   RO Data    RW Data    ZI Data      Debug   Library Member Name

         8          0          0          0          0         68   __main.o
        60          8          0          0          0          0   __scatter.o
        40          0          0          0          0          0   __scatter_copy.o
        44          0          0          0          0          0   __scatter_zi.o
       384          0          0          0          0         80   aeabi_sdiv.o
       172          4          0          0          0         68   d2f.o
      1052         28          0          0          0        252   daddsub_noclz.o
        16          4          0          0          0         68   dcheck.o
        16          4          0          0          0         68   dcheck1.o
       176          4          0          0          0         76   dfix.o
       100          0          0          0          0        136   dflt_noclz.o
       476         16          0          0          0        128   dmul.o
       280          0          0          0          0         92   dunder.o
        12          0          0          0          0         60   exit.o
       624          8          0          0          0        136   faddsub_noclz.o
        12          4          0          0          0         68   fcheck.o
        12          4          0          0          0         68   fcheck1.o
       100          0          0          0          0         68   fcmpin.o
       116          4          0          0          0         68   ffix.o
        92          0          0          0          0         68   fflt_noclz.o
       120          4          0          0          0         68   fleqf.o
       264          4          0          0          0         68   fmul.o
       148          0          0          0          0         68   fnorm2_noclz.o
         8          0          0          0          0         68   fpinit.o
       148          0          0          0          0         84   funder.o
         6          0          0          0          0        132   heapauxi.o
        14          0          0          0          0          0   libinit.o
        12          0          0          0          0          0   libinit2.o
        12          0          0          0          0          0   libshutdown.o
         6          0          0          0          0          0   libshutdown2.o
        12          4          0          0         96         68   libspace.o
       116          0          0          0          0         68   retnan.o
         0          0          0          0          0          0   rtentry.o
        44          4          0          0          0          0   rtentry2.o
         8          0          0          0          0          0   rtentry4.o
         4          0          0          0          0          0   rtexit.o
         8          0          0          0          0          0   rtexit2.o
        76          4          0          0          0         76   strlen.o
        24          8          0          0          0         68   sys_exit.o
        96          0          0          0          0         80   sys_stackheap_outer.o
        60          0          0          0          0         68   trapv.o
         4          0          0          0          0         68   use_no_semi.o
         0          0          0          0          0          0   usenofp.o

    ----------------------------------------------------------------------
      4988        116          0          0         96       2556   Library Totals
         6          0          0          0          0          0   (incl. Padding)

    ----------------------------------------------------------------------

      Code (inc. data)   RO Data    RW Data    ZI Data      Debug   Library Name

       874         28          0          0         96        700   c_t.l
      4108         88          0          0          0       1856   fz_ts.l

    ----------------------------------------------------------------------
      4988        116          0          0         96       2556   Library Totals

    ----------------------------------------------------------------------

==============================================================================


      Code (inc. data)   RO Data    RW Data    ZI Data      Debug   

     17092        476       2760         72       1760      26988   Grand Totals
     17092        476       2760         72       1760      26988   ELF Image Totals
     17092        476       2760         72          0          0   ROM Totals

==============================================================================

    Total RO  Size (Code + RO Data)                19852 (  19.39kB)
    Total RW  Size (RW Data + ZI Data)              1832 (   1.79kB)
    Total ROM Size (Code + RO Data + RW Data)      19924 (  19.46kB)

==============================================================================

